// Jest Snapshot v1, https://goo.gl/fbAQLP

exports[`renders correctly with minimal/default props 1`] = `
<div
  className="jsonschema-inspector jsonschema-inspector-container"
>
  <InspectorColView
    appendEmptyColumn={false}
    columnData={
      Array [
        Object {
          "items": Object {
            "Schema One": Object {
              "properties": Object {
                "Item One": Object {},
                "Item Two": Object {
                  "properties": Object {
                    "Property One": Object {},
                  },
                },
              },
            },
          },
          "onSelect": [Function],
          "selectedItem": null,
          "trailingSelection": false,
        },
      ]
    }
    refTargets={Object {}}
    renderItemContent={null}
  />
  <InspectorDetails
    columnData={
      Array [
        Object {
          "items": Object {
            "Schema One": Object {
              "properties": Object {
                "Item One": Object {},
                "Item Two": Object {
                  "properties": Object {
                    "Property One": Object {},
                  },
                },
              },
            },
          },
          "onSelect": [Function],
          "selectedItem": null,
          "trailingSelection": false,
        },
      ]
    }
    refTargets={Object {}}
    renderEmptyDetails={null}
    renderSelectionDetails={null}
  />
</div>
`;
