// Jest Snapshot v1, https://goo.gl/fbAQLP

exports[`renders correctly with minimal/default props 1`] = `
<div
  className="jsonschema-inspector-column"
  onClick={[Function]}
  role="presentation"
  tabIndex={-1}
>
  <InspectorItem
    key="Item One"
    name="Item One"
    onSelect={[Function]}
    renderContent={null}
    schema={
      JsonSchema {
        "parserConfig": Object {},
        "schema": Object {
          "$id": "Schema One",
        },
        "scope": RefScope {
          "addOtherScope": [Function],
          "externalRefs": Map {},
          "internalRefs": Map {},
          "otherScopes": Array [],
        },
      }
    }
    selected={false}
  />
  <InspectorItem
    key="Item Two"
    name="Item Two"
    onSelect={[Function]}
    renderContent={null}
    schema={
      JsonSchema {
        "parserConfig": Object {},
        "schema": Object {
          "$id": "Schema Two",
        },
        "scope": RefScope {
          "addOtherScope": [Function],
          "externalRefs": Map {},
          "internalRefs": Map {},
          "otherScopes": Array [],
        },
      }
    }
    selected={false}
  />
</div>
`;
