// Jest Snapshot v1, https://goo.gl/fbAQLP

exports[`renders correctly with minimal/default props 1`] = `
<div
  className="jsonschema-inspector-column"
  onClick={[Function]}
  role="presentation"
  tabIndex={-1}
>
  <InspectorItem
    autoFocus={false}
    key="Item One"
    name="Item One"
    onSelect={[Function]}
    renderContent={null}
    schema={
      JsonSchema {
        "getFieldValue": [Function],
        "getProperties": [Function],
        "getPropertyParentSchemas": [Function],
        "getSchemaFieldValue": [Function],
        "getTypeOfArrayItems": [Function],
        "schema": Object {
          "$id": "Schema One",
        },
        "scope": RefScope {
          "addOtherScope": [Function],
          "externalRefs": Object {},
          "find": [Function],
          "findSchemaInThisScope": [Function],
          "internalRefs": Object {
            "#": Object {
              "definitions": Object {
                "Target": Object {},
              },
            },
          },
          "otherScopes": Array [],
        },
      }
    }
    selected={false}
  />
  <InspectorItem
    autoFocus={false}
    key="Item Two"
    name="Item Two"
    onSelect={[Function]}
    renderContent={null}
    schema={
      JsonSchema {
        "getFieldValue": [Function],
        "getProperties": [Function],
        "getPropertyParentSchemas": [Function],
        "getSchemaFieldValue": [Function],
        "getTypeOfArrayItems": [Function],
        "schema": Object {
          "$id": "Schema Two",
        },
        "scope": RefScope {
          "addOtherScope": [Function],
          "externalRefs": Object {},
          "find": [Function],
          "findSchemaInThisScope": [Function],
          "internalRefs": Object {
            "#": Object {
              "definitions": Object {
                "Target": Object {},
              },
            },
          },
          "otherScopes": Array [],
        },
      }
    }
    selected={false}
  />
</div>
`;
