// Jest Snapshot v1, https://goo.gl/fbAQLP

exports[`renders correctly with minimal/default props 1`] = `
<div
  className="jsonschema-inspector"
>
  <div
    className="jsonschema-inspector-body"
  >
    <InspectorColView
      appendEmptyColumn={false}
      columnData={
        Array [
          Object {
            "items": Object {
              "Schema One": JsonSchema {
                "getFieldValue": [Function],
                "getProperties": [Function],
                "getPropertyParentSchemas": [Function],
                "getSchemaFieldValue": [Function],
                "getTypeOfArrayItems": [Function],
                "schema": Object {
                  "properties": Object {
                    "Item One": Object {},
                    "Item Two": Object {
                      "properties": Object {
                        "Property One": Object {},
                      },
                    },
                  },
                  "title": "Main Schema One Title",
                },
                "scope": RefScope {
                  "addOtherScope": [Function],
                  "addOtherScopes": [Function],
                  "externalRefs": Map {},
                  "find": [Function],
                  "findSchemaInThisScope": [Function],
                  "internalRefs": Map {
                    "#" => [Circular],
                  },
                  "otherScopes": Array [
                    RefScope {
                      "addOtherScope": [Function],
                      "addOtherScopes": [Function],
                      "externalRefs": Map {
                        "https://carstenwickner.github.io/react-jsonschema-inspector#" => JsonSchema {
                          "getFieldValue": [Function],
                          "getProperties": [Function],
                          "getPropertyParentSchemas": [Function],
                          "getSchemaFieldValue": [Function],
                          "getTypeOfArrayItems": [Function],
                          "schema": Object {
                            "$id": "https://carstenwickner.github.io/react-jsonschema-inspector",
                            "definitions": Object {
                              "itemThree": Object {
                                "title": "Item Three Title",
                              },
                            },
                          },
                          "scope": [Circular],
                        },
                        "https://carstenwickner.github.io/react-jsonschema-inspector" => JsonSchema {
                          "getFieldValue": [Function],
                          "getProperties": [Function],
                          "getPropertyParentSchemas": [Function],
                          "getSchemaFieldValue": [Function],
                          "getTypeOfArrayItems": [Function],
                          "schema": Object {
                            "$id": "https://carstenwickner.github.io/react-jsonschema-inspector",
                            "definitions": Object {
                              "itemThree": Object {
                                "title": "Item Three Title",
                              },
                            },
                          },
                          "scope": [Circular],
                        },
                        "https://carstenwickner.github.io/react-jsonschema-inspector#/definitions/itemThree" => JsonSchema {
                          "getFieldValue": [Function],
                          "getProperties": [Function],
                          "getPropertyParentSchemas": [Function],
                          "getSchemaFieldValue": [Function],
                          "getTypeOfArrayItems": [Function],
                          "schema": Object {
                            "title": "Item Three Title",
                          },
                          "scope": [Circular],
                        },
                      },
                      "find": [Function],
                      "findSchemaInThisScope": [Function],
                      "internalRefs": Map {
                        "#" => JsonSchema {
                          "getFieldValue": [Function],
                          "getProperties": [Function],
                          "getPropertyParentSchemas": [Function],
                          "getSchemaFieldValue": [Function],
                          "getTypeOfArrayItems": [Function],
                          "schema": Object {
                            "$id": "https://carstenwickner.github.io/react-jsonschema-inspector",
                            "definitions": Object {
                              "itemThree": Object {
                                "title": "Item Three Title",
                              },
                            },
                          },
                          "scope": [Circular],
                        },
                        "#/definitions/itemThree" => JsonSchema {
                          "getFieldValue": [Function],
                          "getProperties": [Function],
                          "getPropertyParentSchemas": [Function],
                          "getSchemaFieldValue": [Function],
                          "getTypeOfArrayItems": [Function],
                          "schema": Object {
                            "title": "Item Three Title",
                          },
                          "scope": [Circular],
                        },
                      },
                      "otherScopes": Array [],
                    },
                  ],
                },
              },
              "Schema Two": JsonSchema {
                "getFieldValue": [Function],
                "getProperties": [Function],
                "getPropertyParentSchemas": [Function],
                "getSchemaFieldValue": [Function],
                "getTypeOfArrayItems": [Function],
                "schema": Object {
                  "properties": Object {
                    "Item Three": Object {
                      "$ref": "https://carstenwickner.github.io/react-jsonschema-inspector#/definitions/itemThree",
                    },
                  },
                },
                "scope": RefScope {
                  "addOtherScope": [Function],
                  "addOtherScopes": [Function],
                  "externalRefs": Map {},
                  "find": [Function],
                  "findSchemaInThisScope": [Function],
                  "internalRefs": Map {
                    "#" => [Circular],
                  },
                  "otherScopes": Array [
                    RefScope {
                      "addOtherScope": [Function],
                      "addOtherScopes": [Function],
                      "externalRefs": Map {
                        "https://carstenwickner.github.io/react-jsonschema-inspector#" => JsonSchema {
                          "getFieldValue": [Function],
                          "getProperties": [Function],
                          "getPropertyParentSchemas": [Function],
                          "getSchemaFieldValue": [Function],
                          "getTypeOfArrayItems": [Function],
                          "schema": Object {
                            "$id": "https://carstenwickner.github.io/react-jsonschema-inspector",
                            "definitions": Object {
                              "itemThree": Object {
                                "title": "Item Three Title",
                              },
                            },
                          },
                          "scope": [Circular],
                        },
                        "https://carstenwickner.github.io/react-jsonschema-inspector" => JsonSchema {
                          "getFieldValue": [Function],
                          "getProperties": [Function],
                          "getPropertyParentSchemas": [Function],
                          "getSchemaFieldValue": [Function],
                          "getTypeOfArrayItems": [Function],
                          "schema": Object {
                            "$id": "https://carstenwickner.github.io/react-jsonschema-inspector",
                            "definitions": Object {
                              "itemThree": Object {
                                "title": "Item Three Title",
                              },
                            },
                          },
                          "scope": [Circular],
                        },
                        "https://carstenwickner.github.io/react-jsonschema-inspector#/definitions/itemThree" => JsonSchema {
                          "getFieldValue": [Function],
                          "getProperties": [Function],
                          "getPropertyParentSchemas": [Function],
                          "getSchemaFieldValue": [Function],
                          "getTypeOfArrayItems": [Function],
                          "schema": Object {
                            "title": "Item Three Title",
                          },
                          "scope": [Circular],
                        },
                      },
                      "find": [Function],
                      "findSchemaInThisScope": [Function],
                      "internalRefs": Map {
                        "#" => JsonSchema {
                          "getFieldValue": [Function],
                          "getProperties": [Function],
                          "getPropertyParentSchemas": [Function],
                          "getSchemaFieldValue": [Function],
                          "getTypeOfArrayItems": [Function],
                          "schema": Object {
                            "$id": "https://carstenwickner.github.io/react-jsonschema-inspector",
                            "definitions": Object {
                              "itemThree": Object {
                                "title": "Item Three Title",
                              },
                            },
                          },
                          "scope": [Circular],
                        },
                        "#/definitions/itemThree" => JsonSchema {
                          "getFieldValue": [Function],
                          "getProperties": [Function],
                          "getPropertyParentSchemas": [Function],
                          "getSchemaFieldValue": [Function],
                          "getTypeOfArrayItems": [Function],
                          "schema": Object {
                            "title": "Item Three Title",
                          },
                          "scope": [Circular],
                        },
                      },
                      "otherScopes": Array [],
                    },
                  ],
                },
              },
            },
            "onSelect": [Function],
          },
        ]
      }
      renderItemContent={null}
    />
    <InspectorDetails
      columnData={
        Array [
          Object {
            "items": Object {
              "Schema One": JsonSchema {
                "getFieldValue": [Function],
                "getProperties": [Function],
                "getPropertyParentSchemas": [Function],
                "getSchemaFieldValue": [Function],
                "getTypeOfArrayItems": [Function],
                "schema": Object {
                  "properties": Object {
                    "Item One": Object {},
                    "Item Two": Object {
                      "properties": Object {
                        "Property One": Object {},
                      },
                    },
                  },
                  "title": "Main Schema One Title",
                },
                "scope": RefScope {
                  "addOtherScope": [Function],
                  "addOtherScopes": [Function],
                  "externalRefs": Map {},
                  "find": [Function],
                  "findSchemaInThisScope": [Function],
                  "internalRefs": Map {
                    "#" => [Circular],
                  },
                  "otherScopes": Array [
                    RefScope {
                      "addOtherScope": [Function],
                      "addOtherScopes": [Function],
                      "externalRefs": Map {
                        "https://carstenwickner.github.io/react-jsonschema-inspector#" => JsonSchema {
                          "getFieldValue": [Function],
                          "getProperties": [Function],
                          "getPropertyParentSchemas": [Function],
                          "getSchemaFieldValue": [Function],
                          "getTypeOfArrayItems": [Function],
                          "schema": Object {
                            "$id": "https://carstenwickner.github.io/react-jsonschema-inspector",
                            "definitions": Object {
                              "itemThree": Object {
                                "title": "Item Three Title",
                              },
                            },
                          },
                          "scope": [Circular],
                        },
                        "https://carstenwickner.github.io/react-jsonschema-inspector" => JsonSchema {
                          "getFieldValue": [Function],
                          "getProperties": [Function],
                          "getPropertyParentSchemas": [Function],
                          "getSchemaFieldValue": [Function],
                          "getTypeOfArrayItems": [Function],
                          "schema": Object {
                            "$id": "https://carstenwickner.github.io/react-jsonschema-inspector",
                            "definitions": Object {
                              "itemThree": Object {
                                "title": "Item Three Title",
                              },
                            },
                          },
                          "scope": [Circular],
                        },
                        "https://carstenwickner.github.io/react-jsonschema-inspector#/definitions/itemThree" => JsonSchema {
                          "getFieldValue": [Function],
                          "getProperties": [Function],
                          "getPropertyParentSchemas": [Function],
                          "getSchemaFieldValue": [Function],
                          "getTypeOfArrayItems": [Function],
                          "schema": Object {
                            "title": "Item Three Title",
                          },
                          "scope": [Circular],
                        },
                      },
                      "find": [Function],
                      "findSchemaInThisScope": [Function],
                      "internalRefs": Map {
                        "#" => JsonSchema {
                          "getFieldValue": [Function],
                          "getProperties": [Function],
                          "getPropertyParentSchemas": [Function],
                          "getSchemaFieldValue": [Function],
                          "getTypeOfArrayItems": [Function],
                          "schema": Object {
                            "$id": "https://carstenwickner.github.io/react-jsonschema-inspector",
                            "definitions": Object {
                              "itemThree": Object {
                                "title": "Item Three Title",
                              },
                            },
                          },
                          "scope": [Circular],
                        },
                        "#/definitions/itemThree" => JsonSchema {
                          "getFieldValue": [Function],
                          "getProperties": [Function],
                          "getPropertyParentSchemas": [Function],
                          "getSchemaFieldValue": [Function],
                          "getTypeOfArrayItems": [Function],
                          "schema": Object {
                            "title": "Item Three Title",
                          },
                          "scope": [Circular],
                        },
                      },
                      "otherScopes": Array [],
                    },
                  ],
                },
              },
              "Schema Two": JsonSchema {
                "getFieldValue": [Function],
                "getProperties": [Function],
                "getPropertyParentSchemas": [Function],
                "getSchemaFieldValue": [Function],
                "getTypeOfArrayItems": [Function],
                "schema": Object {
                  "properties": Object {
                    "Item Three": Object {
                      "$ref": "https://carstenwickner.github.io/react-jsonschema-inspector#/definitions/itemThree",
                    },
                  },
                },
                "scope": RefScope {
                  "addOtherScope": [Function],
                  "addOtherScopes": [Function],
                  "externalRefs": Map {},
                  "find": [Function],
                  "findSchemaInThisScope": [Function],
                  "internalRefs": Map {
                    "#" => [Circular],
                  },
                  "otherScopes": Array [
                    RefScope {
                      "addOtherScope": [Function],
                      "addOtherScopes": [Function],
                      "externalRefs": Map {
                        "https://carstenwickner.github.io/react-jsonschema-inspector#" => JsonSchema {
                          "getFieldValue": [Function],
                          "getProperties": [Function],
                          "getPropertyParentSchemas": [Function],
                          "getSchemaFieldValue": [Function],
                          "getTypeOfArrayItems": [Function],
                          "schema": Object {
                            "$id": "https://carstenwickner.github.io/react-jsonschema-inspector",
                            "definitions": Object {
                              "itemThree": Object {
                                "title": "Item Three Title",
                              },
                            },
                          },
                          "scope": [Circular],
                        },
                        "https://carstenwickner.github.io/react-jsonschema-inspector" => JsonSchema {
                          "getFieldValue": [Function],
                          "getProperties": [Function],
                          "getPropertyParentSchemas": [Function],
                          "getSchemaFieldValue": [Function],
                          "getTypeOfArrayItems": [Function],
                          "schema": Object {
                            "$id": "https://carstenwickner.github.io/react-jsonschema-inspector",
                            "definitions": Object {
                              "itemThree": Object {
                                "title": "Item Three Title",
                              },
                            },
                          },
                          "scope": [Circular],
                        },
                        "https://carstenwickner.github.io/react-jsonschema-inspector#/definitions/itemThree" => JsonSchema {
                          "getFieldValue": [Function],
                          "getProperties": [Function],
                          "getPropertyParentSchemas": [Function],
                          "getSchemaFieldValue": [Function],
                          "getTypeOfArrayItems": [Function],
                          "schema": Object {
                            "title": "Item Three Title",
                          },
                          "scope": [Circular],
                        },
                      },
                      "find": [Function],
                      "findSchemaInThisScope": [Function],
                      "internalRefs": Map {
                        "#" => JsonSchema {
                          "getFieldValue": [Function],
                          "getProperties": [Function],
                          "getPropertyParentSchemas": [Function],
                          "getSchemaFieldValue": [Function],
                          "getTypeOfArrayItems": [Function],
                          "schema": Object {
                            "$id": "https://carstenwickner.github.io/react-jsonschema-inspector",
                            "definitions": Object {
                              "itemThree": Object {
                                "title": "Item Three Title",
                              },
                            },
                          },
                          "scope": [Circular],
                        },
                        "#/definitions/itemThree" => JsonSchema {
                          "getFieldValue": [Function],
                          "getProperties": [Function],
                          "getPropertyParentSchemas": [Function],
                          "getSchemaFieldValue": [Function],
                          "getTypeOfArrayItems": [Function],
                          "schema": Object {
                            "title": "Item Three Title",
                          },
                          "scope": [Circular],
                        },
                      },
                      "otherScopes": Array [],
                    },
                  ],
                },
              },
            },
            "onSelect": [Function],
          },
        ]
      }
      renderEmptyDetails={null}
      renderSelectionDetails={null}
    />
  </div>
  <div
    className="jsonschema-inspector-footer"
  >
    <InspectorBreadcrumbs
      arrayItemAccessor="[0]"
      columnData={
        Array [
          Object {
            "items": Object {
              "Schema One": JsonSchema {
                "getFieldValue": [Function],
                "getProperties": [Function],
                "getPropertyParentSchemas": [Function],
                "getSchemaFieldValue": [Function],
                "getTypeOfArrayItems": [Function],
                "schema": Object {
                  "properties": Object {
                    "Item One": Object {},
                    "Item Two": Object {
                      "properties": Object {
                        "Property One": Object {},
                      },
                    },
                  },
                  "title": "Main Schema One Title",
                },
                "scope": RefScope {
                  "addOtherScope": [Function],
                  "addOtherScopes": [Function],
                  "externalRefs": Map {},
                  "find": [Function],
                  "findSchemaInThisScope": [Function],
                  "internalRefs": Map {
                    "#" => [Circular],
                  },
                  "otherScopes": Array [
                    RefScope {
                      "addOtherScope": [Function],
                      "addOtherScopes": [Function],
                      "externalRefs": Map {
                        "https://carstenwickner.github.io/react-jsonschema-inspector#" => JsonSchema {
                          "getFieldValue": [Function],
                          "getProperties": [Function],
                          "getPropertyParentSchemas": [Function],
                          "getSchemaFieldValue": [Function],
                          "getTypeOfArrayItems": [Function],
                          "schema": Object {
                            "$id": "https://carstenwickner.github.io/react-jsonschema-inspector",
                            "definitions": Object {
                              "itemThree": Object {
                                "title": "Item Three Title",
                              },
                            },
                          },
                          "scope": [Circular],
                        },
                        "https://carstenwickner.github.io/react-jsonschema-inspector" => JsonSchema {
                          "getFieldValue": [Function],
                          "getProperties": [Function],
                          "getPropertyParentSchemas": [Function],
                          "getSchemaFieldValue": [Function],
                          "getTypeOfArrayItems": [Function],
                          "schema": Object {
                            "$id": "https://carstenwickner.github.io/react-jsonschema-inspector",
                            "definitions": Object {
                              "itemThree": Object {
                                "title": "Item Three Title",
                              },
                            },
                          },
                          "scope": [Circular],
                        },
                        "https://carstenwickner.github.io/react-jsonschema-inspector#/definitions/itemThree" => JsonSchema {
                          "getFieldValue": [Function],
                          "getProperties": [Function],
                          "getPropertyParentSchemas": [Function],
                          "getSchemaFieldValue": [Function],
                          "getTypeOfArrayItems": [Function],
                          "schema": Object {
                            "title": "Item Three Title",
                          },
                          "scope": [Circular],
                        },
                      },
                      "find": [Function],
                      "findSchemaInThisScope": [Function],
                      "internalRefs": Map {
                        "#" => JsonSchema {
                          "getFieldValue": [Function],
                          "getProperties": [Function],
                          "getPropertyParentSchemas": [Function],
                          "getSchemaFieldValue": [Function],
                          "getTypeOfArrayItems": [Function],
                          "schema": Object {
                            "$id": "https://carstenwickner.github.io/react-jsonschema-inspector",
                            "definitions": Object {
                              "itemThree": Object {
                                "title": "Item Three Title",
                              },
                            },
                          },
                          "scope": [Circular],
                        },
                        "#/definitions/itemThree" => JsonSchema {
                          "getFieldValue": [Function],
                          "getProperties": [Function],
                          "getPropertyParentSchemas": [Function],
                          "getSchemaFieldValue": [Function],
                          "getTypeOfArrayItems": [Function],
                          "schema": Object {
                            "title": "Item Three Title",
                          },
                          "scope": [Circular],
                        },
                      },
                      "otherScopes": Array [],
                    },
                  ],
                },
              },
              "Schema Two": JsonSchema {
                "getFieldValue": [Function],
                "getProperties": [Function],
                "getPropertyParentSchemas": [Function],
                "getSchemaFieldValue": [Function],
                "getTypeOfArrayItems": [Function],
                "schema": Object {
                  "properties": Object {
                    "Item Three": Object {
                      "$ref": "https://carstenwickner.github.io/react-jsonschema-inspector#/definitions/itemThree",
                    },
                  },
                },
                "scope": RefScope {
                  "addOtherScope": [Function],
                  "addOtherScopes": [Function],
                  "externalRefs": Map {},
                  "find": [Function],
                  "findSchemaInThisScope": [Function],
                  "internalRefs": Map {
                    "#" => [Circular],
                  },
                  "otherScopes": Array [
                    RefScope {
                      "addOtherScope": [Function],
                      "addOtherScopes": [Function],
                      "externalRefs": Map {
                        "https://carstenwickner.github.io/react-jsonschema-inspector#" => JsonSchema {
                          "getFieldValue": [Function],
                          "getProperties": [Function],
                          "getPropertyParentSchemas": [Function],
                          "getSchemaFieldValue": [Function],
                          "getTypeOfArrayItems": [Function],
                          "schema": Object {
                            "$id": "https://carstenwickner.github.io/react-jsonschema-inspector",
                            "definitions": Object {
                              "itemThree": Object {
                                "title": "Item Three Title",
                              },
                            },
                          },
                          "scope": [Circular],
                        },
                        "https://carstenwickner.github.io/react-jsonschema-inspector" => JsonSchema {
                          "getFieldValue": [Function],
                          "getProperties": [Function],
                          "getPropertyParentSchemas": [Function],
                          "getSchemaFieldValue": [Function],
                          "getTypeOfArrayItems": [Function],
                          "schema": Object {
                            "$id": "https://carstenwickner.github.io/react-jsonschema-inspector",
                            "definitions": Object {
                              "itemThree": Object {
                                "title": "Item Three Title",
                              },
                            },
                          },
                          "scope": [Circular],
                        },
                        "https://carstenwickner.github.io/react-jsonschema-inspector#/definitions/itemThree" => JsonSchema {
                          "getFieldValue": [Function],
                          "getProperties": [Function],
                          "getPropertyParentSchemas": [Function],
                          "getSchemaFieldValue": [Function],
                          "getTypeOfArrayItems": [Function],
                          "schema": Object {
                            "title": "Item Three Title",
                          },
                          "scope": [Circular],
                        },
                      },
                      "find": [Function],
                      "findSchemaInThisScope": [Function],
                      "internalRefs": Map {
                        "#" => JsonSchema {
                          "getFieldValue": [Function],
                          "getProperties": [Function],
                          "getPropertyParentSchemas": [Function],
                          "getSchemaFieldValue": [Function],
                          "getTypeOfArrayItems": [Function],
                          "schema": Object {
                            "$id": "https://carstenwickner.github.io/react-jsonschema-inspector",
                            "definitions": Object {
                              "itemThree": Object {
                                "title": "Item Three Title",
                              },
                            },
                          },
                          "scope": [Circular],
                        },
                        "#/definitions/itemThree" => JsonSchema {
                          "getFieldValue": [Function],
                          "getProperties": [Function],
                          "getPropertyParentSchemas": [Function],
                          "getSchemaFieldValue": [Function],
                          "getTypeOfArrayItems": [Function],
                          "schema": Object {
                            "title": "Item Three Title",
                          },
                          "scope": [Circular],
                        },
                      },
                      "otherScopes": Array [],
                    },
                  ],
                },
              },
            },
            "onSelect": [Function],
          },
        ]
      }
      prefix=""
      preventNavigation={false}
      separator="."
    />
  </div>
</div>
`;
