// Jest Snapshot v1, https://goo.gl/fbAQLP

exports[`renders correctly with minimal/default props 1`] = `
<div
  className="jsonschema-inspector"
>
  <div
    className="jsonschema-inspector-body"
  >
    <InspectorColView
      appendEmptyColumn={false}
      columnData={
        Array [
          Object {
            "items": Object {
              "Schema One": JsonSchema {
                "getFieldValue": [Function],
                "getProperties": [Function],
                "getPropertyParentSchemas": [Function],
                "getSchemaFieldValue": [Function],
                "getTypeOfArrayItems": [Function],
                "schema": Object {
                  "properties": Object {
                    "Item One": Object {},
                    "Item Two": Object {
                      "properties": Object {
                        "Property One": Object {},
                      },
                    },
                  },
                },
                "scope": RefScope {
                  "addOtherScope": [Function],
                  "externalRefs": Object {},
                  "find": [Function],
                  "findSchemaInThisScope": [Function],
                  "internalRefs": Object {
                    "#": Object {
                      "properties": Object {
                        "Item One": Object {},
                        "Item Two": Object {
                          "properties": Object {
                            "Property One": Object {},
                          },
                        },
                      },
                    },
                  },
                  "otherScopes": Array [
                    RefScope {
                      "addOtherScope": [Function],
                      "externalRefs": Object {
                        "https://carstenwickner.github.io/react-jsonschema-inspector": Object {
                          "$id": "https://carstenwickner.github.io/react-jsonschema-inspector",
                          "definitions": Object {
                            "itemThree": Object {
                              "title": "Item Three Title",
                            },
                          },
                        },
                        "https://carstenwickner.github.io/react-jsonschema-inspector#": Object {
                          "$id": "https://carstenwickner.github.io/react-jsonschema-inspector",
                          "definitions": Object {
                            "itemThree": Object {
                              "title": "Item Three Title",
                            },
                          },
                        },
                        "https://carstenwickner.github.io/react-jsonschema-inspector#/definitions/itemThree": Object {
                          "title": "Item Three Title",
                        },
                      },
                      "find": [Function],
                      "findSchemaInThisScope": [Function],
                      "internalRefs": Object {
                        "#": Object {
                          "$id": "https://carstenwickner.github.io/react-jsonschema-inspector",
                          "definitions": Object {
                            "itemThree": Object {
                              "title": "Item Three Title",
                            },
                          },
                        },
                        "#/definitions/itemThree": Object {
                          "title": "Item Three Title",
                        },
                      },
                      "otherScopes": Array [],
                    },
                  ],
                },
              },
              "Schema Two": JsonSchema {
                "getFieldValue": [Function],
                "getProperties": [Function],
                "getPropertyParentSchemas": [Function],
                "getSchemaFieldValue": [Function],
                "getTypeOfArrayItems": [Function],
                "schema": Object {
                  "properties": Object {
                    "Item Three": Object {
                      "$ref": "https://carstenwickner.github.io/react-jsonschema-inspector#/definitions/itemThree",
                    },
                  },
                },
                "scope": RefScope {
                  "addOtherScope": [Function],
                  "externalRefs": Object {},
                  "find": [Function],
                  "findSchemaInThisScope": [Function],
                  "internalRefs": Object {
                    "#": Object {
                      "properties": Object {
                        "Item Three": Object {
                          "$ref": "https://carstenwickner.github.io/react-jsonschema-inspector#/definitions/itemThree",
                        },
                      },
                    },
                  },
                  "otherScopes": Array [
                    RefScope {
                      "addOtherScope": [Function],
                      "externalRefs": Object {
                        "https://carstenwickner.github.io/react-jsonschema-inspector": Object {
                          "$id": "https://carstenwickner.github.io/react-jsonschema-inspector",
                          "definitions": Object {
                            "itemThree": Object {
                              "title": "Item Three Title",
                            },
                          },
                        },
                        "https://carstenwickner.github.io/react-jsonschema-inspector#": Object {
                          "$id": "https://carstenwickner.github.io/react-jsonschema-inspector",
                          "definitions": Object {
                            "itemThree": Object {
                              "title": "Item Three Title",
                            },
                          },
                        },
                        "https://carstenwickner.github.io/react-jsonschema-inspector#/definitions/itemThree": Object {
                          "title": "Item Three Title",
                        },
                      },
                      "find": [Function],
                      "findSchemaInThisScope": [Function],
                      "internalRefs": Object {
                        "#": Object {
                          "$id": "https://carstenwickner.github.io/react-jsonschema-inspector",
                          "definitions": Object {
                            "itemThree": Object {
                              "title": "Item Three Title",
                            },
                          },
                        },
                        "#/definitions/itemThree": Object {
                          "title": "Item Three Title",
                        },
                      },
                      "otherScopes": Array [],
                    },
                  ],
                },
              },
            },
            "onSelect": [Function],
          },
        ]
      }
      renderItemContent={null}
    />
    <InspectorDetails
      columnData={
        Array [
          Object {
            "items": Object {
              "Schema One": JsonSchema {
                "getFieldValue": [Function],
                "getProperties": [Function],
                "getPropertyParentSchemas": [Function],
                "getSchemaFieldValue": [Function],
                "getTypeOfArrayItems": [Function],
                "schema": Object {
                  "properties": Object {
                    "Item One": Object {},
                    "Item Two": Object {
                      "properties": Object {
                        "Property One": Object {},
                      },
                    },
                  },
                },
                "scope": RefScope {
                  "addOtherScope": [Function],
                  "externalRefs": Object {},
                  "find": [Function],
                  "findSchemaInThisScope": [Function],
                  "internalRefs": Object {
                    "#": Object {
                      "properties": Object {
                        "Item One": Object {},
                        "Item Two": Object {
                          "properties": Object {
                            "Property One": Object {},
                          },
                        },
                      },
                    },
                  },
                  "otherScopes": Array [
                    RefScope {
                      "addOtherScope": [Function],
                      "externalRefs": Object {
                        "https://carstenwickner.github.io/react-jsonschema-inspector": Object {
                          "$id": "https://carstenwickner.github.io/react-jsonschema-inspector",
                          "definitions": Object {
                            "itemThree": Object {
                              "title": "Item Three Title",
                            },
                          },
                        },
                        "https://carstenwickner.github.io/react-jsonschema-inspector#": Object {
                          "$id": "https://carstenwickner.github.io/react-jsonschema-inspector",
                          "definitions": Object {
                            "itemThree": Object {
                              "title": "Item Three Title",
                            },
                          },
                        },
                        "https://carstenwickner.github.io/react-jsonschema-inspector#/definitions/itemThree": Object {
                          "title": "Item Three Title",
                        },
                      },
                      "find": [Function],
                      "findSchemaInThisScope": [Function],
                      "internalRefs": Object {
                        "#": Object {
                          "$id": "https://carstenwickner.github.io/react-jsonschema-inspector",
                          "definitions": Object {
                            "itemThree": Object {
                              "title": "Item Three Title",
                            },
                          },
                        },
                        "#/definitions/itemThree": Object {
                          "title": "Item Three Title",
                        },
                      },
                      "otherScopes": Array [],
                    },
                  ],
                },
              },
              "Schema Two": JsonSchema {
                "getFieldValue": [Function],
                "getProperties": [Function],
                "getPropertyParentSchemas": [Function],
                "getSchemaFieldValue": [Function],
                "getTypeOfArrayItems": [Function],
                "schema": Object {
                  "properties": Object {
                    "Item Three": Object {
                      "$ref": "https://carstenwickner.github.io/react-jsonschema-inspector#/definitions/itemThree",
                    },
                  },
                },
                "scope": RefScope {
                  "addOtherScope": [Function],
                  "externalRefs": Object {},
                  "find": [Function],
                  "findSchemaInThisScope": [Function],
                  "internalRefs": Object {
                    "#": Object {
                      "properties": Object {
                        "Item Three": Object {
                          "$ref": "https://carstenwickner.github.io/react-jsonschema-inspector#/definitions/itemThree",
                        },
                      },
                    },
                  },
                  "otherScopes": Array [
                    RefScope {
                      "addOtherScope": [Function],
                      "externalRefs": Object {
                        "https://carstenwickner.github.io/react-jsonschema-inspector": Object {
                          "$id": "https://carstenwickner.github.io/react-jsonschema-inspector",
                          "definitions": Object {
                            "itemThree": Object {
                              "title": "Item Three Title",
                            },
                          },
                        },
                        "https://carstenwickner.github.io/react-jsonschema-inspector#": Object {
                          "$id": "https://carstenwickner.github.io/react-jsonschema-inspector",
                          "definitions": Object {
                            "itemThree": Object {
                              "title": "Item Three Title",
                            },
                          },
                        },
                        "https://carstenwickner.github.io/react-jsonschema-inspector#/definitions/itemThree": Object {
                          "title": "Item Three Title",
                        },
                      },
                      "find": [Function],
                      "findSchemaInThisScope": [Function],
                      "internalRefs": Object {
                        "#": Object {
                          "$id": "https://carstenwickner.github.io/react-jsonschema-inspector",
                          "definitions": Object {
                            "itemThree": Object {
                              "title": "Item Three Title",
                            },
                          },
                        },
                        "#/definitions/itemThree": Object {
                          "title": "Item Three Title",
                        },
                      },
                      "otherScopes": Array [],
                    },
                  ],
                },
              },
            },
            "onSelect": [Function],
          },
        ]
      }
      renderEmptyDetails={null}
      renderSelectionDetails={null}
    />
  </div>
  <div
    className="jsonschema-inspector-footer"
  >
    <InspectorBreadcrumbs
      arrayItemAccessor="[0]"
      columnData={
        Array [
          Object {
            "items": Object {
              "Schema One": JsonSchema {
                "getFieldValue": [Function],
                "getProperties": [Function],
                "getPropertyParentSchemas": [Function],
                "getSchemaFieldValue": [Function],
                "getTypeOfArrayItems": [Function],
                "schema": Object {
                  "properties": Object {
                    "Item One": Object {},
                    "Item Two": Object {
                      "properties": Object {
                        "Property One": Object {},
                      },
                    },
                  },
                },
                "scope": RefScope {
                  "addOtherScope": [Function],
                  "externalRefs": Object {},
                  "find": [Function],
                  "findSchemaInThisScope": [Function],
                  "internalRefs": Object {
                    "#": Object {
                      "properties": Object {
                        "Item One": Object {},
                        "Item Two": Object {
                          "properties": Object {
                            "Property One": Object {},
                          },
                        },
                      },
                    },
                  },
                  "otherScopes": Array [
                    RefScope {
                      "addOtherScope": [Function],
                      "externalRefs": Object {
                        "https://carstenwickner.github.io/react-jsonschema-inspector": Object {
                          "$id": "https://carstenwickner.github.io/react-jsonschema-inspector",
                          "definitions": Object {
                            "itemThree": Object {
                              "title": "Item Three Title",
                            },
                          },
                        },
                        "https://carstenwickner.github.io/react-jsonschema-inspector#": Object {
                          "$id": "https://carstenwickner.github.io/react-jsonschema-inspector",
                          "definitions": Object {
                            "itemThree": Object {
                              "title": "Item Three Title",
                            },
                          },
                        },
                        "https://carstenwickner.github.io/react-jsonschema-inspector#/definitions/itemThree": Object {
                          "title": "Item Three Title",
                        },
                      },
                      "find": [Function],
                      "findSchemaInThisScope": [Function],
                      "internalRefs": Object {
                        "#": Object {
                          "$id": "https://carstenwickner.github.io/react-jsonschema-inspector",
                          "definitions": Object {
                            "itemThree": Object {
                              "title": "Item Three Title",
                            },
                          },
                        },
                        "#/definitions/itemThree": Object {
                          "title": "Item Three Title",
                        },
                      },
                      "otherScopes": Array [],
                    },
                  ],
                },
              },
              "Schema Two": JsonSchema {
                "getFieldValue": [Function],
                "getProperties": [Function],
                "getPropertyParentSchemas": [Function],
                "getSchemaFieldValue": [Function],
                "getTypeOfArrayItems": [Function],
                "schema": Object {
                  "properties": Object {
                    "Item Three": Object {
                      "$ref": "https://carstenwickner.github.io/react-jsonschema-inspector#/definitions/itemThree",
                    },
                  },
                },
                "scope": RefScope {
                  "addOtherScope": [Function],
                  "externalRefs": Object {},
                  "find": [Function],
                  "findSchemaInThisScope": [Function],
                  "internalRefs": Object {
                    "#": Object {
                      "properties": Object {
                        "Item Three": Object {
                          "$ref": "https://carstenwickner.github.io/react-jsonschema-inspector#/definitions/itemThree",
                        },
                      },
                    },
                  },
                  "otherScopes": Array [
                    RefScope {
                      "addOtherScope": [Function],
                      "externalRefs": Object {
                        "https://carstenwickner.github.io/react-jsonschema-inspector": Object {
                          "$id": "https://carstenwickner.github.io/react-jsonschema-inspector",
                          "definitions": Object {
                            "itemThree": Object {
                              "title": "Item Three Title",
                            },
                          },
                        },
                        "https://carstenwickner.github.io/react-jsonschema-inspector#": Object {
                          "$id": "https://carstenwickner.github.io/react-jsonschema-inspector",
                          "definitions": Object {
                            "itemThree": Object {
                              "title": "Item Three Title",
                            },
                          },
                        },
                        "https://carstenwickner.github.io/react-jsonschema-inspector#/definitions/itemThree": Object {
                          "title": "Item Three Title",
                        },
                      },
                      "find": [Function],
                      "findSchemaInThisScope": [Function],
                      "internalRefs": Object {
                        "#": Object {
                          "$id": "https://carstenwickner.github.io/react-jsonschema-inspector",
                          "definitions": Object {
                            "itemThree": Object {
                              "title": "Item Three Title",
                            },
                          },
                        },
                        "#/definitions/itemThree": Object {
                          "title": "Item Three Title",
                        },
                      },
                      "otherScopes": Array [],
                    },
                  ],
                },
              },
            },
            "onSelect": [Function],
          },
        ]
      }
      prefix=""
      preventNavigation={false}
      separator="."
    />
  </div>
</div>
`;
