// Jest Snapshot v1, https://goo.gl/fbAQLP

exports[`renders correctly with minimal/default props 1`] = `
<div
  className="jsonschema-inspector-details"
>
  <InspectorDetailsContent
    columnData={
      Array [
        Object {
          "items": Object {
            "Schema One": JsonSchema {
              "parserConfig": undefined,
              "schema": Object {
                "description": "Text",
                "title": "Schema Title",
              },
              "scope": RefScope {
                "externalRefs": Map {},
                "internalRefs": Map {
                  "#" => [Circular],
                },
                "otherScopes": Array [],
              },
            },
          },
          "selectedItem": "Schema One",
          "trailingSelection": true,
        },
      ]
    }
    itemSchema={
      JsonSchema {
        "parserConfig": undefined,
        "schema": Object {
          "description": "Text",
          "title": "Schema Title",
        },
        "scope": RefScope {
          "externalRefs": Map {},
          "internalRefs": Map {
            "#" => [Circular],
          },
          "otherScopes": Array [],
        },
      }
    }
    selectionColumnIndex={0}
  />
</div>
`;
