// Jest Snapshot v1, https://goo.gl/fbAQLP

exports[`renders correctly with minimal/default props 1`] = `
<div
  className="jsonschema-inspector-colview"
  tabIndex={-1}
>
  <InspectorColumn
    items={
      Object {
        "Item One": JsonSchema {
          "getFieldValue": [Function],
          "getProperties": [Function],
          "getPropertyParentSchemas": [Function],
          "getSchemaFieldValue": [Function],
          "getTypeOfArrayItems": [Function],
          "schema": undefined,
          "scope": undefined,
        },
        "Item Two": JsonSchema {
          "getFieldValue": [Function],
          "getProperties": [Function],
          "getPropertyParentSchemas": [Function],
          "getSchemaFieldValue": [Function],
          "getTypeOfArrayItems": [Function],
          "schema": undefined,
          "scope": undefined,
        },
      }
    }
    key="0"
    onSelect={[Function]}
    renderItemContent={null}
    selectedItem="Item One"
    trailingSelection={false}
  />
  <InspectorColumn
    items={
      Object {
        "Item One-One": JsonSchema {
          "getFieldValue": [Function],
          "getProperties": [Function],
          "getPropertyParentSchemas": [Function],
          "getSchemaFieldValue": [Function],
          "getTypeOfArrayItems": [Function],
          "schema": undefined,
          "scope": undefined,
        },
        "Item One-Two": JsonSchema {
          "getFieldValue": [Function],
          "getProperties": [Function],
          "getPropertyParentSchemas": [Function],
          "getSchemaFieldValue": [Function],
          "getTypeOfArrayItems": [Function],
          "schema": undefined,
          "scope": undefined,
        },
      }
    }
    key="1"
    onSelect={[Function]}
    renderItemContent={null}
    selectedItem="Item One-Two"
    trailingSelection={true}
  />
  <InspectorColumn
    items={
      Object {
        "Item One-Two-One": JsonSchema {
          "getFieldValue": [Function],
          "getProperties": [Function],
          "getPropertyParentSchemas": [Function],
          "getSchemaFieldValue": [Function],
          "getTypeOfArrayItems": [Function],
          "schema": undefined,
          "scope": undefined,
        },
        "Item One-Two-Two": JsonSchema {
          "getFieldValue": [Function],
          "getProperties": [Function],
          "getPropertyParentSchemas": [Function],
          "getSchemaFieldValue": [Function],
          "getTypeOfArrayItems": [Function],
          "schema": undefined,
          "scope": undefined,
        },
      }
    }
    key="2"
    onSelect={[Function]}
    renderItemContent={null}
    selectedItem={null}
    trailingSelection={false}
  />
</div>
`;
